=== fetch-assets Tue Sep  1 15:44:17 UTC 2026 ===
[fonts] fetching Press Start 2P + VT323 metadata...
@font-face {
  font-family: 'Press Start 2P';
  font-style: normal;
  font-weight: 400;
  font-display: swap;
  src: url(https://fonts.gstatic.com/s/pressstart2p/v16/e3t4euO8T-267oIAQAu6jDQyK0nS.ttf) format('truetype');
}
[kenney] checking https://kenney.nl/assets/top-down-tanks
HTTP/2 200 
server: nginx
date: Tue, 01 Sep 2026 15:44:30 GMT
content-type: text/html; charset=UTF-8
x-powered-by: PHP/8.3.33
[kenney] checking https://kenney.nl/assets/pixel-ui-pack
HTTP/2 200 
server: nginx
date: Tue, 01 Sep 2026 15:44:36 GMT
content-type: text/html; charset=UTF-8
x-powered-by: PHP/8.3.33
[kenney] checking https://kenney.nl/assets/ui-pack
HTTP/2 200 
server: nginx
date: Tue, 01 Sep 2026 15:44:42 GMT
content-type: text/html; charset=UTF-8
x-powered-by: PHP/8.3.33
[kenney] checking https://kenney.nl/assets/particle-pack
HTTP/2 200 
server: nginx
date: Tue, 01 Sep 2026 15:44:48 GMT
content-type: text/html; charset=UTF-8
x-powered-by: PHP/8.3.33
[kenney] checking https://kenney.nl/assets/interface-sounds
HTTP/2 200 
server: nginx
date: Tue, 01 Sep 2026 15:44:54 GMT
content-type: text/html; charset=UTF-8
x-powered-by: PHP/8.3.33
[kenney] checking https://kenney.nl/assets/casino-audio
HTTP/2 200 
server: nginx
date: Tue, 01 Sep 2026 15:44:55 GMT
content-type: text/html; charset=UTF-8
x-powered-by: PHP/8.3.33
[oga] checking https://opengameart.org/content/explosion-3
HTTP/2 200 
server: nginx/1.26.1
date: Tue, 01 Sep 2026 15:44:56 GMT
content-type: text/html; charset=utf-8
x-powered-by: PHP/7.0.33
[oga] checking https://opengameart.org/content/pixel-art-explosion-animation
HTTP/2 200 
server: nginx/1.26.1
date: Tue, 01 Sep 2026 15:45:03 GMT
content-type: text/html; charset=utf-8
x-powered-by: PHP/7.0.33
total 16K
-rw-rw-r-- 1 dlaminin dlaminin 68 Sep  1 17:45 _placeholder_navy_1x1.png
-rw-rw-r-- 1 dlaminin dlaminin 68 Sep  1 17:45 enemy1_idle_1.png
-rw-rw-r-- 1 dlaminin dlaminin 68 Sep  1 17:45 explosion_small_1.png
-rw-rw-r-- 1 dlaminin dlaminin 68 Sep  1 17:45 player_idle_1.png
[audio] ffmpeg found ffmpeg version 8.1.1-3 Copyright (c) 2000-2026 the FFmpeg developers
  Stream #0:0: Audio: pcm_s16le ([1][0][0][0] / 0x0001), 44100 Hz, mono, s16, 705 kb/s
    Metadata:
      encoder         : Lavc62.28.101 pcm_s16le
[out#0/wav @ 0x56033d2d0200] video:0KiB audio:9KiB subtitle:0KiB other streams:0KiB global headers:0KiB muxing overhead: 0.884354%
size=       9KiB time=00:00:00.10 bitrate= 711.8kbits/s speed=3.97x elapsed=0:00:00.02    
  Stream #0:0: Audio: pcm_s16le ([1][0][0][0] / 0x0001), 44100 Hz, mono, s16, 705 kb/s
    Metadata:
      encoder         : Lavc62.28.101 pcm_s16le
[out#0/wav @ 0x55cc8eca5cc0] video:0KiB audio:6KiB subtitle:0KiB other streams:0KiB global headers:0KiB muxing overhead: 1.263362%
size=       6KiB time=00:00:00.07 bitrate= 714.5kbits/s speed=5.03x elapsed=0:00:00.01    
-rw-rw-r-- 1 dlaminin dlaminin 6.2K Sep  1 17:45 assets/audio/sfx_ui_blip.wav
=== done ===
